node_modules/expo/tsconfig.base.json(10,15): error TS6046: Argument for '--module' option must be: 'none', 'commonjs', 'amd', 'system', 'umd', 'es6', 'es2015', 'es2020', 'es2022', 'esnext', 'node16', 'nodenext'.
app/(admin)/attendance/teachers/index.tsx(11,121): error TS2739: Type '{ full_name: string; avatar_url: undefined; }' is missing the following properties from type '{ first_name: string; last_name: string; full_name?: string | undefined; avatar_url?: string | undefined; }': first_name, last_name
app/(admin)/attendance/teachers/index.tsx(12,136): error TS2739: Type '{ full_name: string; avatar_url: undefined; }' is missing the following properties from type '{ first_name: string; last_name: string; full_name?: string | undefined; avatar_url?: string | undefined; }': first_name, last_name
app/(admin)/attendance/teachers/index.tsx(13,136): error TS2739: Type '{ full_name: string; avatar_url: undefined; }' is missing the following properties from type '{ first_name: string; last_name: string; full_name?: string | undefined; avatar_url?: string | undefined; }': first_name, last_name
app/(admin)/classes/index.tsx(699,50): error TS18048: 's.full_name' is possibly 'undefined'.
app/(admin)/finance/bursaries/reports.tsx(34,62): error TS2339: Property 'status' does not exist on type '{ bursary: { amount: number; }; }'.
app/(admin)/finance/bursaries/reports.tsx(41,52): error TS2339: Property 'id' does not exist on type '{}'.
app/(admin)/finance/bursaries/reports.tsx(43,46): error TS2551: Property 'bursary_id' does not exist on type '{ bursary: { amount: number; }; }'. Did you mean 'bursary'?
app/(admin)/finance/bursaries/reports.tsx(46,27): error TS2339: Property 'status' does not exist on type '{ bursary: { amount: number; }; }'.
app/(admin)/finance/bursaries/reports.tsx(100,136): error TS2769: No overload matches this call.
  Overload 1 of 2, '(props: ViewProps): View', gave the following error.
    Object literal may only specify known properties, and 'borderWeight' does not exist in type 'ViewStyle | RecursiveArray<ViewStyle | Falsy | RegisteredStyle<ViewStyle>>'.
  Overload 2 of 2, '(props: ViewProps, context: any): View', gave the following error.
    Object literal may only specify known properties, and 'borderWeight' does not exist in type 'ViewStyle | RecursiveArray<ViewStyle | Falsy | RegisteredStyle<ViewStyle>>'.
app/(parent)/_layout.tsx(22,13): error TS2339: Property 'isFree' does not exist on type 'SubscriptionTierInfo'.
app/(parent)/_layout.tsx(77,13): error TS2339: Property 'isFree' does not exist on type 'SubscriptionTierInfo'.
app/(parent)/settings.tsx(11,30): error TS2322: Type '"admin" | "teacher" | "student" | "parent" | "bursary" | "master_admin"' is not assignable to type '"admin" | "teacher" | "student" | "parent" | "master_admin" | undefined'.
  Type '"bursary"' is not assignable to type '"admin" | "teacher" | "student" | "parent" | "master_admin" | undefined'.
app/(student)/settings.tsx(11,36): error TS2322: Type '"admin" | "teacher" | "student" | "parent" | "bursary" | "master_admin"' is not assignable to type '"admin" | "teacher" | "student" | "parent" | "master_admin" | undefined'.
app/(teacher)/classes.tsx(408,46): error TS18048: 'r.full_name' is possibly 'undefined'.
app/(teacher)/management/assignments.tsx(272,46): error TS2339: Property 'EncodingType' does not exist on type 'typeof import("C:/Projects/LMS/frontend/node_modules/expo-file-system/build/index")'.
app/(teacher)/students.tsx(50,35): error TS2345: Argument of type 'string | null' is not assignable to parameter of type 'string'.
  Type 'null' is not assignable to type 'string'.
components/admin/dashboard/userUtils.ts(7,3): error TS2739: Type '{ id: string; name: string | undefined; email: string; role: UserRole; joinDate: string; avatar: string | undefined; lastActive: string; }' is missing the following properties from type 'User': first_name, last_name
components/admin/dashboard/userUtils.ts(40,25): error TS2345: Argument of type '{ name: string; email: string; role: "student"; }' is not assignable to parameter of type 'CreateUserData'.
  Type '{ name: string; email: string; role: "student"; }' is missing the following properties from type 'CreateUserData': first_name, last_name
components/admin/library/LibraryAction.tsx(35,3): error TS2741: Property 'borrowerType' is missing in type '{ id: string; bookTitle: string; author: string; isbn: string; borrowerName: string; borrowerId: string; borrowerEmail: string; borrowDate: Date; dueDate: Date; status: "overdue"; }' but required in type 'FrontendBorrowedBook'.
components/admin/library/LibraryAction.tsx(36,3): error TS2741: Property 'borrowerType' is missing in type '{ id: string; bookTitle: string; author: string; isbn: string; borrowerName: string; borrowerId: string; borrowerEmail: string; borrowDate: Date; dueDate: Date; status: "borrowed"; }' but required in type 'FrontendBorrowedBook'.
